Testing Auto-Fill on: file:///Users/ivanm/Downloads/form/test_form.html
Visiting: file:///Users/ivanm/Downloads/form/test_form.html
Waiting for JavaScript to load...
Form found with selector: #contact-form
No form fields to fill - attempting Smart Auto-Fill...
Found 6 potential fields to auto-fill
Error auto-filling element: element.isEnabled is not a function
Error auto-filling element: element.isEnabled is not a function
Error auto-filling element: element.isEnabled is not a function
Error auto-filling element: element.isEnabled is not a function
Error auto-filling element: element.isEnabled is not a function
Error auto-filling element: element.isEnabled is not a function
Attempting to submit form...
Looking for submit elements with form selector: #contact-form
Trying selector: button[type="submit"]
Found element with selector: button[type="submit"]
Click failed for button[type="submit"]: elementHandle.isEnabled is not a function
Trying selector: input[type="submit"]
Found element with selector: input[type="submit"]
Click failed for input[type="submit"]: Cannot read properties of null (reading 'isVisible')
Trying selector: button[type="button"]
Found element with selector: button[type="button"]
Click failed for button[type="button"]: Cannot read properties of null (reading 'isVisible')
Trying selector: input[type="button"]
Found element with selector: input[type="button"]
Click failed for input[type="button"]: Cannot read properties of null (reading 'isVisible')
Trying selector: button:not([type])
Found element with selector: button:not([type])
Click failed for button:not([type]): Cannot read properties of null (reading 'isVisible')
Trying selector: [role="button"]
Found element with selector: [role="button"]
Click failed for [role="button"]: Cannot read properties of null (reading 'isVisible')
Trying selector: .submit-button
Found element with selector: .submit-button
Click failed for .submit-button: Cannot read properties of null (reading 'isVisible')
Trying selector: .btn-submit
Found element with selector: .btn-submit
Click failed for .btn-submit: Cannot read properties of null (reading 'isVisible')
Trying selector: #submit
Found element with selector: #submit
Click failed for #submit: Cannot read properties of null (reading 'isVisible')
Trying selector: .submit
Found element with selector: .submit
Click failed for .submit: Cannot read properties of null (reading 'isVisible')
Trying selector: button:contains("Submit")
Click failed for button:contains("Submit"): SyntaxError: Failed to execute 'querySelector' on 'Element': 'button:contains("Submit")' is not a valid selector.
Trying selector: button:contains("Send")
Click failed for button:contains("Send"): SyntaxError: Failed to execute 'querySelector' on 'Element': 'button:contains("Send")' is not a valid selector.
Trying selector: button:contains("Send Message")
Click failed for button:contains("Send Message"): SyntaxError: Failed to execute 'querySelector' on 'Element': 'button:contains("Send Message")' is not a valid selector.
Trying selector: input[value*="Submit"]
Found element with selector: input[value*="Submit"]
Click failed for input[value*="Submit"]: Cannot read properties of null (reading 'isVisible')
Trying selector: input[value*="Send"]
Found element with selector: input[value*="Send"]
Click failed for input[value*="Send"]: Cannot read properties of null (reading 'isVisible')
No submit button found, trying advanced submission methods...
JavaScript form submission result: form_submitted
Form submission successful
Form submission completed
Waiting for page response...
Network is idle
Page is fully loaded
Waiting for form processing...
Form is still present after submission - checking for other success indicators
URL changed from file:///Users/ivanm/Downloads/form/test_form.html to file:///Users/ivanm/Downloads/form/test_form.html# - possible success
Form submission validation: true
Success indicator found: .success-message
Message extraction failed: element.textContent is not a function
Result: {
  "success": true,
  "status": "success",
  "finalUrl": "file:///Users/ivanm/Downloads/form/test_form.html#",
  "message": null,
  "html": "<!DOCTYPE html><html><head><style>.\\[\\&_\\.gdprAdTransparencyCogWheelButton\\]\\:\\!pjra-z-\\[5\\],\nAD-SLOT,\nDFP-AD,\n[class^=\"adDisplay-module\"],\n[class^=\"amp-ad-\"],\n[data-ad-cls],\n[data-adbridg-ad-class],\n[data-adshim],\n[data-asg-ins],\n[data-block-type=\"ad\"],\n[data-cl-spot-id],\n[data-css-class=\"dfp-inarticle\"],\n[data-d-ad-id],\n[data-desktop-ad-id],\n[data-dynamic-ads],\n[data-ez-name],\n[data-freestar-ad][id],\n[data-id^=\"div-gpt-ad\"],\n[data-identity=\"adhesive-ad\"],\n[data-m-ad-id],\n[data-mobile-ad-id],\n[data-rc-widget],\n[data-role=\"tile-ads-module\"],\n[data-template-type=\"nativead\"],\n[data-testid=\"adBanner-wrapper\"],\n[data-testid=\"ad_testID\"],\n[data-testid=\"prism-ad-wrapper\"],\n[data-testid^=\"section-AdRowBillboard\"],\n[data-type=\"ad-vertical\"],\n[data-wpas-zoneid],\n[href$=\"/sexdating.php\"],\n[id^=\"ad-wrap-\"],\n[id^=\"ad_sky\"],\n[id^=\"ad_slider\"],\n[id^=\"section-ad-banner\"],\n[onclick^=\"location.href='https://1337x.vpnonly.site/\"],\na-ad,\na[data-href^=\"http://ads.trafficjunky.net/\"],\na[data-url^=\"https://vulpix.bet/?ref=\"],\na[onclick^=\"window.location.replace('https://random-affiliate.atimaze.com/\"],\na[style=\"width:100%;height:100%;z-index:10000000000000000;position:absolute;top:0;left:0;\"],\nad-shield-ads,\nad-slot,\napp-ad,\napp-advertisement,\napp-large-ad,\naside[id^=\"adrotate_widgets-\"],\natf-ad-slot,\nbottomadblock,\ndisplay-ad-component,\ndisplay-ads,\ndiv[class$=\"-adlabel\"],\ndiv[class^=\"Adstyled__AdWrapper-\"],\ndiv[data-ad-placeholder],\ndiv[data-ad-region],\ndiv[data-ad-wrapper],\ndiv[data-adname],\ndiv[data-adunit-path],\ndiv[data-adunit],\ndiv[data-adzone],\ndiv[data-alias=\"300x250 Ad 1\"],\ndiv[data-alias=\"300x250 Ad 2\"],\ndiv[data-contentexchange-widget],\ndiv[data-dfp-id],\ndiv[data-id-advertdfpconf],\ndiv[id^=\"ad-div-\"],\ndiv[id^=\"ad-position-\"],\ndiv[id^=\"adngin-\"],\ndiv[id^=\"adrotate_widgets-\"],\ndiv[id^=\"adspot-\"],\ndiv[id^=\"crt-\"][style],\ndiv[id^=\"div-ads-\"],\ndiv[id^=\"google_dfp_\"],\ndiv[id^=\"gpt_ad_\"],\ndiv[id^=\"lazyad-\"],\ndiv[id^=\"optidigital-adslot\"],\ndiv[id^=\"rc-widget-\"],\ndiv[id^=\"st\"][style^=\"z-index: 999999999;\"],\ndiv[id^=\"sticky_ad_\"],\ndiv[id^=\"vuukle-ad-\"],\ndiv[ow-ad-unit-wrapper],\ngpt-ad,\nguj-ad,\nhl-adsense,\nimg[src^=\"https://images.purevpnaffiliates.com\"],\nimg[src^=\"https://s-img.adskeeper.com/\"],\nps-connatix-module,\nspan[data-ez-ph-id],\nspan[id^=\"ezoic-pub-ad-placeholder-\"],\ntopadblock,\nzeus-ad,\nbroadstreet-zone-container,\niframe[scrolling=\"no\"][sandbox*=\"allow-popups allow-modals\"][style^=\"width: 100%; height: 100%; border: none;\"],\n[class^=\"tile-picker__CitrusBannerContainer-sc-\"],\ncitrus-ad-wrapper,\ndiv[id*=\"MarketGid\"],\n[onclick*=\"content.ad/\"],\nAMP-AD,\namp-ad,\namp-ad-custom,\namp-connatix-player,\namp-fx-flying-carpet,\na[data-oburl^=\"https://paid.outbrain.com/network/redir?\"],\na[data-redirect^=\"https://paid.outbrain.com/network/redir?\"],\na[onmousedown^=\"this.href='https://paid.outbrain.com/network/redir?\"] + .ob_source,\n[data-taboola-options],\n[data-testid=\"commercial-label-taboola\"],\n[data-testid^=\"taboola-\"],\namp-embed[type=\"taboola\"],\ndiv[id^=\"taboola-stream-\"],\ndiv[id^=\"zergnet-widget\"],\nhtml[lang] > body.ishome > div.adult + main.main,\nhtml[lang] > body:not([class]):not([id]):not([style]) > div.background-container > div.container > div.captcha-box,\nhtml[lang] > body.startnew > div#sections > section#section_uname,\nhtml[lang] > body:not([style]) > div.captchaBody,\nhtml[lang] > body#body > * > div.cv-xwrapper > div.cvc > div.cv-inner,\nhtml[lang] > body#body > * > div.cvh.BlockClicksActivityBusy,\nhtml#html[sti][vic][lang] > body#allbody,\nhtml > body > div.container.m-p > #checkbox-window.checkbox-window,\nhtml[lang] > body:not([class]):not([id]):not([style]) > div.container > div.recaptcha-box,\nbody > .security-container[style=\"opacity: 1; transform: translateY(0px);\"],\nhtml > body.hold-transition.theme-primary.bg-img[style^=\"background-image\"][style*=\"wallpaperaccess.com\"][style*=\"background-repeat\"][style*=\"background-size\"],\nhtml > body > div.container > form#unsubscribe-form[onsubmit=\"submitUnsubscribeForm(event)\"],\nhtml > body > div.content > dl > dd.dd1 > div.min_sider > form#form1[action=\"unsubscribe.php\"],\nhtml > body.body > div.container > div.content > form > table.optoutForm,\ndiv[id][style^=\"position: fixed; inset: 0px; z-index: 2147483647; background: black\"][style*=\"opacity: 0.01\"],\ndiv[class$=\"player-promo-col\"],\ndiv#spot-holder.spot-holder[style=\"display: block;\"],\na[dontfo=\"\"][style$=\"position: absolute; z-index: 2147483647;\"],\n[data-ad-module]:not([style$=\"left: -10000px !important; top: -1000px !important;\"]):not(.adsbygoogle),\n[data-ad-width]:not([style$=\"left: -10000px !important; top: -1000px !important;\"]):not(.adsbygoogle),\n[data-adblockkey]:not([style$=\"left: -10000px !important; top: -1000px !important;\"]):not(html):not(.adsbygoogle),\n[data-advadstrackid]:not([style$=\"left: -10000px !important; top: -1000px !important;\"]):not(.adsbygoogle),\n[data-ad-manager-id]:not([style$=\"left: -10000px !important; top: -1000px !important;\"]):not(.adsbygoogle),\ndiv[style^=\"z-index: 999999; background-image: url(\\\"data:image/gif;base64,\"][style$=\"position: absolute;\"],\na[onclick=\"openAuc();\"],\ndiv[style=\"position: fixed; display: block; width: 100%; height: 100%; inset: 0px; background-color: rgba(0, 0, 0, 0); z-index: 300000;\"],\ndiv[style^=\"position:fixed;inset:0px;z-index:2147483647;background:black;opacity:0.01\"],\ndiv[style^=\"position: fixed; inset: 0px; z-index: 2147483647; background: black; opacity: 0.01\"],\niframe.lazyloaded[data-src^=\"https://rcm-fe.amazon-adsystem.com/\"],\n#player div[style$=\"cursor: pointer; position: absolute; width: 100%; height: 100%; padding: 1rem; z-index: 2147483647;\"],\nhtml[lang][style^=\"--main-bg-color\"] > body:not([class]):not([id]) > div#container[style=\"visibility: visible;\"] > div#banner[style=\"opacity:0\"] ~ main:not([class]):not([id]) > div#message,\n[onclick*=\"postlnk.com\"],\n[data-lnguri*=\"vipbox\"],\n[class^=\"div-gpt-ad\"]:not([style^=\"width: 1px; height: 1px; position: absolute; left: -10000px; top: -\"]) { display: none !important; }\n\n[data-ad-name],\n[data-revive-zoneid],\n[name^=\"google_ads_iframe\"],\ndiv[aria-label=\"Ads\"],\ndiv[data-ad-targeting],\ndiv[id^=\"ad_position_\"],\ndiv[id^=\"dfp-ad-\"],\ndiv[id^=\"ezoic-pub-ad-\"],\nins.adsbygoogle[data-ad-client],\nins.adsbygoogle[data-ad-slot],\n[class^=\"s2nPlayer\"],\ndiv[id*=\"ScriptRoot\"],\na[onmousedown^=\"this.href='https://paid.outbrain.com/network/redir?\"],\ndiv[id^=\"div-gpt-\"]:not([style^=\"width: 1px; height: 1px; position: absolute; left: -10000px; top: -\"]):not([style=\"pointer-events: none; height: 1px; width: 0px; opacity: 0; visibility: hidden; position: fixed; bottom: 0px;\"]),\n[id^=\"div-gpt-ad\"]:not([style^=\"width: 1px; height: 1px; position: absolute; left: -10000px; top: -\"]):not([style=\"pointer-events: none; height: 1px; width: 0px; opacity: 0; visibility: hidden; position: fixed; bottom: 0px;\"]),\ndiv[style^=\"height:    250px; width:    300px;\"],\ndiv[style^=\"width:    160px; height:    600px; margin: 0px auto; min-width: 160px; min-height: 600px;\"],\ndiv[style^=\"width:    300px; height:    250px;\"],\nhtml[class^=\"img_\"][amp4ads=\"\"][i-amphtml-layout=\"\"][i-amphtml-no-boilerplate=\"\"][amp-version=\"2502032353000\"],\nhtml[class^=\"img_\"][amp4ads=\"\"][i-amphtml-layout=\"\"][i-amphtml-no-boilerplate=\"\"][amp-version=\"2507172035000\"],\nhtml[class^=\"img_\"][amp4ads=\"\"][i-amphtml-layout=\"\"][i-amphtml-no-boilerplate=\"\"][amp-version=\"2509031727000\"],\nimg[height=\"   250\"][width=\"   300\"],\nimg[height=\"   90\"][width=\"   728\"],\nins[style$=\"height:    90px; width:    728px;\"],\n*:not(body) > a[href^=\"https://content-loader.com/\"],\n*:not(body) > a[href^=\"https://html-load.com/\"],\n*:not(body) > a[href^=\"https://07c225f3.online/\"] { display: none !important; }</style></head><body>\n    <form id=\"contact-form\" action=\"#\" method=\"POST\">\n        <input type=\"text\" name=\"full_name\" placeholder=\"Your Name\">\n        <input type=\"email\" name=\"email_address\" placeholder=\"Email\">\n        <input type=\"tel\" name=\"phone_number\" placeholder=\"Phone\">\n        <select name=\"inquiry_type\">\n            <option value=\"\">Select one...</option>\n            <option value=\"support\">Support</option>\n            <option value=\"sales\">Sales</option>\n        </select>\n        <textarea name=\"message_body\" placeholder=\"Message\"></textarea>\n        <input type=\"checkbox\" name=\"terms\" id=\"terms\">\n        <label for=\"terms\">I agree to terms</label>\n        <button type=\"submit\">Send</button>\n    </form>\n    <div class=\"success-message\" style=\"display:none;\">Message Sent!</div>\n    <script>\n        document.querySelector('form').addEventListener('submit', (e) => {\n            e.preventDefault();\n            document.querySelector('form').style.display = 'none';\n            document.querySelector('.success-message').style.display = 'block';\n        });\n    </script>\n\n\n</body></html>",
  "screenshot": "iVBORw0KGgoAAAANSUhEUgAABVYAAAMACAIAAABAXKuVAAAQAElEQVR4nOzdeZxddX3/8UMIIAEDEhpQFqFpWUIEUQhhsVUCUgVxoRUFkR1bqwgKRsFawK1YaVGkFNASiS1KJC4JATRsP7AsiQhJiRiRBBCkEDAFIsj6ez/u+fX+xpnJMBFCQj7P5x953Dlz753J3DnnfL+v7713hj777LMNAAAAsLIb2gAAAAAFSAAAAABQggQAAAAAJUgAAAAAUIIEAAAAACVIAAAAAFCCBAAAAAAlSAAArAwmTJjQwBKceuqpDQAgAQCwEsj83xyPAfgNAYCWBAAAAAAlSAAAAABQggQAAAAAJUgAAKw8zjrrrIULFx5++OGvetWr8uEZZ5yxaNGiI4444pWvfGUDAFDekAYAVhb333//I488MnPmzFz+9a9/fffdd+fDp556qgEAwLMAAFjJjBgx4qc//enb3/72WbNm5fKDDz7Y/dQ999xzyy23LF68eNSoUa973eu62++99965c+c+8MADI0eO3HHHHYcPHz7A9nw4e/bs/Dts2LAtO7r3M3/+/JtuummttdYaM2bMHXfcMW7cuNVXXz3bkyFuvPHG3GTDDTfcZZdd2o0AAC8+CQCAlUrm5Jlv33XXXT/5yU/e8IY3XHbZZe32dIELLrgg8/b11ltv5syZd999dzJBts+bN+9rX/vaxhtvnO033HBD5ue51QDbv/vd72Yyv+mmm95+++3XXnvtXnvtNX78+Gz/5S9/efbZZ+dq+RJXXHFFtmy77bb58P777z/99NOfeeaZzTffPIEgX/r4449vAACWBwkAgJXKkCFDXvOa11x00UWPP/74Vltt1SaAp59+evLkyVtsscXhhx++yiqrZEqfmfw+++yz6qqrXnfddZm0H3300e3Nn3jiifbCkrbvv//+66yzTnt54sSJV199dZsAMr3P9gkTJuQ+zz333ASC9jr5QvmWTj755NVWW23hwoVf/OIXUx822WSTBgDgRScBALCy2XHHHc8555wswmc23m7Juv1TTz31q1/96stf/vKzzz775JNPZln+tttu22abbbbccstbb7110qRJ6QVjxoxZc80125ssafvQoUOzkp/b5j4XLVrUTQNz584dPXp0PpvLW2+9dTcB3Hnnnfn3zDPPzNdtt8yaNUsCAACWCwkAgJXNqFGjdt111x122KG7ZfHixfl33LhxI0eO7G5s/0zA2LFjV1lllaz5T548+aKLLjrkkEMy5x9g+9lnn52Zfz6bfDB79uzM/LMx0/vHHnvs5S9/eXvPa6+9dnsh25MeUhO233777tcdMWJEAwCwPEgAAKxsMnVvX+d/3333tVvWX3/99t+e7wLYGjJkyE4djz766GmnnXb11Ve3U/1+t9977725zwMPPHC77bbLda6//vruV9xss83mz5/ffnjXXXd1tw8bNmzNNdfs+3UBAF58/iggACu/ddZZZ5NNNpk2bdqsWbOyXJ+Z/JQpU55++ul86sc//vHtt9/+5JNPZqqffzNjb2/S7/aRI0cmDcybN++RRx655pprFixY0P0S22yzTRLAj370oxs6utt33XXXm2+++Yorrnj44Yd/85vfXH755ffcc08DALA8eBYAACuVLLz3u/3ggw8+//zzL7zwwvbDV7ziFe2F5IDvf//77eWNN9543333HWD70KFD3/rWt1566aUzZ85s33dwzpw57XXGjRuXZJAEkOuMHj169uzZq622Wrbvvvvumfxf2pEPX/ayl/X8O4IAAC+mVbrvTgQAL1ETJkw49dRTB3PN3/3ud1mKHz58eHe1v924aNGiRIHVV1+915X73f7MM8889NBDI0aM6Jsb8qmkgenTp2fl/4QTTuhuf/rppx988ME11lij+9cEeDEN/jcEAFZungUAQCGZhG+44YZ9N26wwQb9Xrnf7Znkt28u0NO99957+eWXjxkz5oEHHrj22mt32223np9dddVVe74TIQDAciEBAMALYNiwYY899tj06dOHDh06duzY8ePHNwAAKxgJAABeAOuuu+5RRx3VAACswCQAAAAAKEECAAAAgBIGSgATJkxoeInr+wbIHtaVgId1peTtyoE6Jk2atHjx4vnz5zfLyeabb77WWmsddNBBDUAxS0wA/nzOyqHX4+hhXTl4WFdKfR9HZWcAfufhpSvz/zXXXPNtb3tbs1zNmDEj34kKAFTjhQAAKyJlZ2B+PryAvvnNb/72t7/95S9/2fdTo0aNGjZs2Pve976GF87ixYuX+/w/9thjj29961sNQDESAABQV+b/66yzzgCT/KlTp+Y6KsALaDk+/7+XFec7AXjRDGkAAKr67W9/O/CKdD6b6/T7qdNPP33UqFGrrLLK8OHDP/zhDz/++OMNAKzYBvUsgMTvnN4OOOCA/NtuefLJJ88///wNN9xw7733bp6fu+++e9q0aePHj99iiy26G88666w999zzT/7kTxqWmWeeeeacc8559tlne20/6qijVl111eYP8sMf/nDo0KG777771772tTe96U0ZGDW8uJ566qn88NuHNTvsGmussdFGG+2yyy5rr732woULJ0+enIWsl7/85Q0vQXlwzzzzzCuvvDKHzW233fbd7373W97ylgGu//73v/+DH/zguHHjmkF77LHHbrvttu23376BMvp9/v8gr3PMMcfkGJud8aCDDjrjjDOaFcBvfvObiy++eKmeszBx4sT99ttvBTk1tGexa6655p577tlmm23e8Y53ZEDYPA9PPPHEBz7wgeOPP3706NENAIN8FkAOmrfccstVV13V3TJ16tSf//znr3vd65rnLeeq+fPnpzJ023lmL9mS7Q3LUn7Od9xxR37s6/2+buj5AzzyyCPtUsm8efM8gsvF008/nYc1I548lOuuu25Cz4wZM/75n/852S6PdfasXGh4aTrssMP+7u/+bv31189847//+7/f+ta3ZuA+wPUnTZp07733NkvjkEMOydG4gZVIpn/NsvRHf/RH+XeDDTZY0hVy1O1b25tOiO+1pd+rLZWcgvfff/+bb7558DdJLzj00EOf89TQfm9L+x3mlNQspQ996EOf//znR4wYkcn/Aw88kMPdf/zHfzTPQ76H733vew899FADQMegEkCm+lmQv+SSSx588MF8uGDBguuvv36vvfZ65Stf2XTOYRll/u53v2uvnA+zjtS9bba355VcSNldtGjR4sWL+36JTE4uuuiifr967vD+++/Pqlf3S+R+cjnnoQyCu8/Ny3mi1xPw8m0kIXdvRb/Gjh27/+8bMmRI90HM49WdyWd6nw973jbzzDz0v/71r7vjmH322ecv/uIvGpa3nXfeOQ/le97znsMPP/zAAw/MY9fz5Y55HLNP9brJ//zP/2QH7w7vuntZrtmr5rQbFy5c+PxHqwxejnWZ0mdknPWxCRMmTJ8+fe+9907c6V4h++PPfvazPC793jw7adrQnXfe2etRy2EzPbfdmL0+vwb5t9/nPGcYfdttt/X81MMPP5y7zSF97ty5vQ6/OTjnbvNb1PxB/umf/um+++7ruSUfnn766Q0spcz/zz777GY5mT17dg7CxxxzzKabbnrmmWd2t0+ePHnLLbf8sz/7s5yCP/rRj5522ml33XXXGWecsdVWW02ZMqX9VNN5Yt2b3/zm4cOH58R6++23t7ftd2NXvtyPfvSjHCtyFsgQKFsuuOCC3Fs+zNf6wQ9+0Ov6N954Y07cuZCV9s9+9rP93v/VV1+dOPjBD37w4x//+DrrrJM7PPXUU/NNzpo1K/ec9pF9M1/riCOOyK1yb48++mjTOWLkv5b5/Pjx4//yL/+yGZwcYb797W+ndX7lK1/Jz+3CCy/MN/Mv//Iv3SvkdJYDXb8Hohygeh2IcrLre9ADYLBvB/je9773C1/4wr//+7//7d/+bU4tmfzvvvvuOeYmrOYc0I7zcibIoT9H27POOutTn/pUzgRN52VyOaW9/e1vP/fcc3OAbiNCDu69nm+We7viiivSGrbeeuue22fOnJk00M4wMzV9//vfP3r06P/TkcXqtibktnPmzEkCyOWEiZxscrj/zne+k9u2d5It2d4waJnY5+w7atSo9qmPOdOvvfbaP/nJT3I5Meioo45qOiOY7k942LBhH/nIR17xilecd955a6655sEHH9ywwshj1/RYbspjlOlZLmQfzAAr/+ZRnjp1artcnA/z+GZI1+5lq622WuaE2f7Hf/zHGUlnp0uM+/rXv94OvzIWzJXbFTCWtTXWWCOPzlVXXZWys/7662dLHojuulb2xwz9MzjO5fe9733nnHNO9sTubTMP+au/+qt58+Y1naSbg+pmm22Wy5/+9Kc/85nP5MLIkSMzP8lk4LLLLsuHGfdnGtC9eY7wp5xySuZRbTlKhvjkJz+ZCxtvvHEmCfnSTec359JLL91ll13yLeVAnXXFdmPOETlEN0sjZ5CPfexj+Te/gW1oTmfM+SXf1VprrXXkkUc2MDjLd/4fBx10UHaK7FxvfOMbs5qdnfRlL3tZ5qW5nKWUHXbYITPzhLxMqjOPzdQ9O+k//uM/vutd70oRyBUylMoun8t//ud/nnHULbfckhFX341Dh/7/sVzu6lvf+lZW9f/hH/6h6TwVKMO2X/ziFzmq555z/eyS+bd7/XSBnO6PPvrojMFySO/3i2Zc941vfCNXPvnkk8eNG5e5/ZVXXplvNd95xniJkscee2wGXTmeZLSQTJB5+2GHHTZt2rR8t9mLM1Tbd999B/kTaw901157bX4II0aMyJaUkTZDZ2iXA1E3BX7uc59LlciFMWPGZJiX/1fTOebkiLTTTjvllJdhSfucph133LEBoIfBvh1gjqoZQf7qV7/KsThH8/TgTAZywsjZ4p3vfGfOCnvssUcO9Blottfvt7lm/n/AAQfkzNT39WY502y44YZJDD0L7pNPPpmh6nbbbZcR5wknnJBb5QTZfiozkJyH8nW32GKLfBubbLLJSSedlBNtWnU+e8MNN2R2mlNsRrdvectbLr/88pz/GvqTE+15PeS83v1UHsT8VFNPspqX0cAnPvGJzO0zCs/juGDBgvyE0/UzyPjwhz+chyM/84YVRoaYmedn4pTHJSOz1VdfvfteG5kZ/v3f/31GTpkuZnyWpf7MJNPXjj/++IwCcyEftvtvHtbsffkdeMc73pEF5DzoGfnls+uuu25+GZIPMu7M+LLhRbHqqqtOnDgxh8Q0l0wbMhROtWmbaSJODndZbcssYsaMGd///ve//OUvd2+YA2mO3il6yTdZPcsvQLfi5QiZ2UKW/XPbDNlPPPHEvffeOwt3Pef/8a//+q+5ZqYxuf+Mv3M0vuSSS9pPZXpw8803Z9r/p3/6p+2UI3eSg8NNN92ULHvggQfml6fXs4eeU84pKRQ51GTaf19HO/9Pf1wR/ooYLxXLff4fGYG0CaxNsW1V/+53v9t0ump26nYFPikt89gMkHI5C+ztikvW5F/1xFIwWAAAEABJREFUqldlSfy6665Lbps7d25u3u/Gvl+3+4K+4447LhmifZFCTtb5N1P0fr/V9ib93n+iXr7bVIxM8nNwSGRs34UkqTFJsX2dRU4KWa7PeSQ9MSeLpvPMnWuuuSYjtJS7HFWawcnPJIeaH/zgB9nfc4df/OIXcz8pC/nUlClTcvw5//zz77nnntSHHGq6A4//+q//yteaP39+vs+2EaRZZP6fH3UGMPmPNAD0sBR/EWD77bfPLCKDzozPst6bLT/96U+zGJW8mjHlnnvumflAhoMD3EPOK6997Wt7rfP/v++js8L/xBNPZLrS3Zg7zFpQIvTChQsz/suCZM+nfuUr5uu+5jWvaS9nIXqrrbZKQch18o0ltOeMm/NBFpFy5wN/Y5UN+X093wgwWSc/1fYdH3bbbbf11lsvP+FcTgnKCTVn9MwPczl1II/Ukt4tmeUi88DTTjstg6TMGDPBe+9735sHt/1UxpoZkGWKlb04e1b2kazxZg/KxDIPa+ZaizraK2dCmN+B17/+9U3n6ZfZ/fNAZ2SW1eDMBjPYyuCs5wt/WKayLJaxb4bdiZ5f+tKXsm/m32xvl+533XXXTLyzMyaGZqzcvVWm/Vmve8Mb3pChfMJQLqSl5tHML8m22267//7752iZWUE+zPpbv183v0W5VZJfOmw6UYb4U6dObT+VdpDjQH6XMpNpn7qfqUumCvn1uPXWWzP5yRdKKW6WRnJwRvNpFjns79KRC/kwlTmfamAQes7/l/V7AQwgXSwDpyz+t6/ZaRc52sXtdvqay7lClt9zOUfmpjNSam+bX/gcYzfsyMx8+vTp7fOz+m7s+3Xb+XwqcI7V3TvMnp6jRI4G/R6025ss6f4zoHr1q1/dvXL7vIP2Ju2iTnfwkGFhu2ifwVs+lfX5I444IntxM2gpfUkPmclvtNFGX/3qV7NE1L7P4rRp03LmylAkY7w0x9x5e+iLI488Mg0leTqLFu2TlZIe3vSmN+VYlOPV3/zN3zQA9DDYFwK0MtTLySP/th8uXry4+/aqORPkNNM+Z7innu9204aDJclpI/ONiy++uPtm1LnPG2+8sV3YzwkyE5UsZrafyoV2SpMu0PzvCbX7XLicflITkrHbD1MKvBJsSXJizpig30/lbNr870+1HQR0z/FZDU6kb18lmE/lUfYTXqFkGNS2m4wpu3tNqx1rNp39Io9j+9Tx7thu0003bTqz/aYzXmxHeO3MMA9xO7CbNWtW+6qQ9v4fffTRns85ZxnJaD6H34yGj+zIXGLChAlZczv00EOzvN/8/uJee0hsta8HnjhxYvd9/nLcTv1JGug+PzYP8dixY5f0pZN+spjfXs6vRI4Y3Rfqd18GklSUX6fM/PPLc9VVV2VRrvu1+n3/l4GlRl155ZX5z7bvYZH5f+6zfVEAPKde8//l+FyALFmffPLJiW7ZZbpPY0way050yimn5GicWve5z32u77vwtgfnjIt6/tWPfjf2q73DdgB22223dbdnfPXjH/+437foy00Gf/89LelPCCUi5CCTAP31r3/9uuuuy3CubRwDyw8qsTI/n4M7cqA76aSTPv3pTx944IFZb3jwwQePO+649poJBN2BR/eI157XciGHjiSAdmO7VgRA19IlgF5y9uo+Ay1nmiwI77TTTu3MPDPwdns7l2g955+aywpkphYXXHBB++Gdd96Z+X9ORTkZZBpz3nnnZRDcfqq7pNmvzF1zYjjxxBPbD7MYlWzcsJQG+CFnjS7z/6OOOirLBbnapz71KQlghZLlkSUVt15jzfZqGS1ts802zf8+TzVZp++7THWvnNnga1/72lx46KGHstcPnPZ4ocyZMydlp10PbzqBJuPjr3zlK5mft09zzdGyfY+ALJH1XOXLQLnpvMFe+zdc85Blfp5iu8kmm2Rc3l4n9TY14WMf+1i/X3rzzTfP2mB7OcPrGTNmHHvssf1ec/jw4fndO+SQQ0499dSms+aZaU/OC83Sy7eXL7rzzjunQmb+76m8DNIfMP8fzN+v/QP+xm32zeykZ555Zk6UPf82R1bUs0Keopo8l5je78Q446Utttgik+fsmO1Sx/XXX5/dv9+Nff/+Xzv5TzXL/tjzdT05wuebaV+V0PcmS/qiA/99wSWd/SdNmvTOd74zO+8XvvCFDBJyKOiWxAHMnTt3v/32u+mmm3LYaToHukSEPIgZ/uUgkONP969T5UJ7cOvX1ltv3X2ZQEpEA0APS/FCgL522GGHnMMySlu0aNHUqVNz/thqq63apeNMETOmvOSSS5bqHaEzOWlfDvD/vrnOFDRnx5yWZs+enYP4IP+e2etf//p89YxTsz6Z4P2Nb3xjaV+MWkfGJT/7fYN5Sn87jcxwP4/I9OnT85D5U3MvUa9+9aszxrr00kszM/zFL36RPTfrukt6QnjmjVnszX69YMGCrMace+65l1122XOmPV4QKaQjR4584xvfOHny5GTNHN/++q//OqP5MWPGtEt2n/jEJ+6+++5U1CyeX3755d0bZiicYf1nP/vZjKpzhfe85z2ZnyeqZnSe0XbS6gMPPJB1yDysGXMn7OYg0L6Ut2v//ffPTCATg4zCc82E3e7yWl9ZrDvrrLMuvvjiFKIJEybkw/ZwMXHixHYqkiPMl770pXZQnl+5XO5ZinvKiL99W0rzfwav55x/kOv/Oax1X9vSr3w211nSZ7M63XRCaq/t7S92TpH5bU+Dazq/8Dnn/ud//udnPvOZsWPHbrrppvPmzeu+qWf7fJn2XZMjkf2OO+5oZ9H5j3zyk59897vf3e/GXl83+0uW3LOcnn9POOGE+++/P1+x6azNXHvttTlQ9Lp+m3Gzj2cPPeKII/q9/4ymev4dmfYpn+1fXGrHDN3/xcMPP9xuydHme9/7XgZybVvM4asZhF122SXnoLe97W25bX5u+TY++tGPbrbZZqNHj953331vueWWnHcy8rzwwgvzTbZvbduvHBVnzpyZq+XRSSptAOhh6Z4F0I7kuquIWZzPKWFaRxZqUrXb1/nvtttuOc3kdJLzSs93Cx/MH5zPKtY+++yTO8yVswq03XbbfaejfVF6hrC9XsPW733mzJoTww87MtLNaLXfNyCg6fzNhe4b+7cywsicsOnzcPeUpblEmfZ1yJkWZhzTjoFYQQywr/X8VC5nqefII4/8t3/7t3aQlEdzgHdcz2w/vx6ZNLZ/oilXPuCAAwazX/P8Za/M8n4G6N0R/1577ZVRcn7+CQFZS8ynMkvPol/W0Hq+KCAPca6Wdbz2PR0yMj7jjDNyq1ztpJNOOuyww7Jx3Lhx559/fo6Wuc+sW44fP77ne4ylzGYlMPffdMbxuWZKRPupvo9+VvySXNs3OctB+9vf/nZ7Fsj23O2b3/zmfDZrjDm857B8880353JW+fq+R2yrXQkcjHSNFIcGlqB9Zkq/snd885vfPOecc/p9a71Ro0ZlBLKklfDM7dvX+SdyZSfN5fYE2nT+mE721sxCMxn+/Oc/nwWJj3zkI4l3WdhIHcgMtnsnX/3qV7fddtv2z3Mcc8wxuZPskh/60Icy481aeoJaKl7aX/bQfjf2+pay2J47zO6WhffMn9P48rWOPvro6667Lt9Au8v31L5QP/v+6aefnqvNmTOn5/1ndHfsscfe0XHiiScmJmaAl0NNbpI97piOpvOHQnL9DN5Sk3OrPffcMweHTP5//vOfL1y4MNcc5NsB5Kd39dVX5/s89NBD2y35j+TRyb29613vSmf5eMdGG210yimnZLTZXqfvgShXzqN53HHH5Uedw07zXM8eBShllSU9gyvH6wHOlz21Lx5rF/+7Epsff/zx9u8CPk9ZXs60/w+4q2eeeSY1utc3Vk2vx3HwD+tgZMkic8LucIcXzbJ4WLMXZyi5pPX/Xjz0y8IgH9annnoqq/EbbLBB36F/tme+3fMvhPWUpbPkgF7PAc4BNtt7LtBlBS/j6b7v75BrZi7RfWuxgeWgnV+S9oUJy8gLezSDZSSH1rZwZVyUfTMT0SlTpmRxO7PTLPhnN1mwYEEm/5kq93vzJLOMZJLMes5y+93YU3bV7H3dz+bK7bvlL6m1Za/PkKl7cHjO+x+MHKlymsh3st566/U9KGX/bf+26AA3v++++3Jo6nWgy/bc5yDfGSRHrfxHer43Sl+pk44kQDXP670AWjnE951mr97RvBBW62iWXk60xef/y9pg3tqHl4olDQ375aFfjjKYztC8308NPCzu910bcnTt9QTdJT3hOdcc5Py/6bwplzeJhKbHobUdFGVJfL/99jv77LM37Wg6fx2w+14bfa3bMZiNPfV8AmbTedVe942c+9Vrr3/O+x+Mdto/yOf/93vzfl8BlO2Df2fQHLUGnv8D1PQCJAAAAJ5TlsR33HHHD3zgA1OmTMkU99Zbb91oo42W498sAKAgCQAA4MUwZMiQ66+/fs6cOfl31KhRO++8c80nVQ3+bT6WtRXnOwF40UgAACsi7283MC/f5SUqFWC7jqawhI8ZM2bssccezXLVvjtjA1DMKgP8OXejz5VA31Gyh3Ul4GFdKZnTAnVMmjRp8eLFff+Y4otm8803z/z/oIMOagCKGSgBAAAAACsNLwQAAACAEiQAAAAAKEECAAAAgBIkAAAAAChBAgAAAIASJAAAAAAoQQIAAACAEiQAAAAAKEECAAAAgBIkAAAAAChBAgAAAIASJAAAAAAoQQIAAACAEiQAAAAAKEECAAAAgBIkAAAAAChBAgAAAIASJAAAAAAoQQIAAACAEiQAAAAAKEECAAAAgBIkAAAAAChBAgAAAIASJAAAAAAoQQIAAACAEiQAAAAAKEECAAAAgBIkAAAAAChBAgAAAIASJAAAAAAoQQIAAACAEiQAAAAAKEECAAAAgBIkAAAAAChBAgAAAIASJAAAAAAoQQIAAACAEiQAAAAAKEECAAAAgBIkAAAAAChBAgAAAIASJAAAAAAoQQIAAACAEiQAAAAAKEECAAAAgBIkAAAAAChBAgAAAIASJAAAAAAoQQIAAACAEiQAAAAAKEECAAAAgBIkAAAAAChBAgAAAIASJAAAAAAoQQIAAACAEiQAAAAAKEECAAAAgBIkAAAAAChBAgAAAIASJAAAAAAoQQIAAACAEiQAAAAAKEECAAAAgBIkAAAAAChBAgAAAIASJAAAAAAoQQIAAACAEiQAAAAAKEECAAAAgBIkAAAAAChBAgAAAIASJAAAAAAoQQIAAACAEiQAAAAAKEECAAAAgBIkAAAAAChBAgAAAIASJAAAAAAoQQIAAACAEiQAAAAAKEECAAAAgBIkAAAAAChBAgAAAIASJAAAAAAoQQIAAACAEiQAAAAAKEECAAAAgBIkAAAAAChBAgAAAIASJAAAAAAoQQIAAACAEiQAAAAAKEECAAAAgBIkAAAAAChBAgAAAIASJAAAAAAoQQIAAACAEiQAAHdNXbwAAA/CSURBVAAAKEECAAAAgBIkAAAAAChBAgAAAIASJAAAAAAoQQIAAACAEiQAAAAAKEECAAAAgBIkAAAAAChBAgAAAIASJAAAAAAoQQIAAACAEiQAAAAAKEECAAAAgBIkAAAAAChBAgAAAIASJAAAAAAoQQIAAACAEiQAAAAAKEECAAAAgBIkAAAAAChBAgAAAIASJAAAAAAoQQIAAACAEiQAAAAAKEECAAAAgBIkAAAAAChBAgAAAIASJAAAAAAoQQIAAACAEiQAAAAAKEECAAAAgBIkAAAAAChBAgAAAIASJAAAAAAoQQIAAACAEiQAAAAAKEECAAAAgBIkAAAAAChBAgAAAIASJAAAAAAoQQIAAACAEiQAAAAAKEECAAAAgBIkAAAAAChBAgAAAIASJAAAAAAoQQIAAACAEiQAAAAAKEECAAAAgBIkAAAAAChBAgAAAIASJAAAAAAoQQIAAACAEiQAAAAAKEECAAAAgBIkAAAAAChBAgAAAIASJAAAAAAoQQIAAACAEiQAAAAAKEECAAAAgBIkAAAAAChBAgAAAIASJAAAAAAoQQIAAACAEiQAAAAAKEECAAAAgBIkAAAAAChBAgAAAIASJAAAAAAoQQIAAACAEiQAAAAAKEECAAAAgBIkAAAAAChBAgAAAIASJAAAAAAoQQIAAACAEiQAAAAAKEECAAAAgBIkAAAAAChBAgAAAIASJAAAAAAoQQIAAACAEiQAAAAAKEECAAAAgBIkAAAAAChBAgAAAIASJAAAAAAoQQIAAACAEiQAAAAAKEECAAAAgBIkAAAAAChBAgAAAIASJAAAAAAoQQIAAACAEiQAAAAAKEECAAAAgBIkAAAAAChBAgAAAIASJAAAAAAoQQIAAACAEiQAAAAAKEECAAAAgBIkAAAAAChBAgAAAIASJAAAAAAoQQIAAACAEiQAAAAAKEECAAAAgBIkAAAAAChBAgAAAIASJAAAAAAoQQIAAACAEiQAAAAAKEECAAAAgBIkAAAAAChBAgAAAIASJAAAAAAoQQIAAACAEiQAAAAAKEECAAAAgBIkAAAAAChBAgAAAIASJAAAAAAoQQIAAACAEiQAAAAAKEECAAAAgBIkAAAAAChBAgAAAIASJAAAAAAoQQIAAACAEiQAAAAAKEECAAAAgBIkAAAAAChBAgAAAIASJAAAAAAoQQIAAACAEiQAAAAAKEECAAAAgBIkAAAAAChBAgAAAIASJAAAAAAoQQIAAACAEiQAAAAAKEECAAAAgBIkAAAAAChBAgAAAIASJAAAAAAoQQIAAACAEiQAAAAAKEECAAAAgBIkAAAAAChBAgAAAIASJAAAAAAoQQIAAACAEiQAAAAAKEECAAAAgBIkAAAAAChBAgAAAIASJAAAAAAoQQIAAACAEiQAAAAAKEECAAAAgBIkAAAAAChBAgAAAIASJAAAAAAoQQIAAACAEiQAAAAAKEECAAAAgBIkAAAAAChBAgAAAIASJAAAAAAoQQIAAACAEiQAAAAAKEECAAAAgBIkAAAAAChBAgAAAIASJAAAAAAoQQIAAACAEiQAAAAAKEECAAAAgBIkAAAAAChBAgAAAIASJAAAAAAoQQIAAACAEiQAAAAAKEECAAAAgBIkAAAAAChBAgAAAIASJAAAAAAoQQIAAACAEiQAAAAAKEECAAAAgBIkAAAAAChBAgAAAIASJAAAAAAoQQIAAACAEiQAAAAAKEECAAAAgBIkAAAAAChBAgAAAIASJAAAAAAoQQIAAACAEiQAAAAAKEECAAAAgBIkAAAAAChBAgAAAIASJAAAAAAoQQIAAACAEiQAAAAAKEECAAAAgBIkAAAAAChBAgAAAIASJAAAAAAoQQIAAACAEiQAAAAAKEECAAAAgBIkAAAAAChBAgAAAIASJAAAAAAoQQIAAACAEiQAAAAAKEECAAAAgBIkAAAAAChBAgAAAIASJAAAAAAoQQIAAACAEiQAAAAAKEECAAAAgBIkAAAAAChBAgAAAIASJAAAAAAoQQIAAACAEiQAAAAAKEECAAAAgBIkAAAAAChBAgAAAIASJAAAAAAoQQIAAACAEiQAAAAAKEECAAAAgBIkAAAAAChBAgAAAIASJAAAAAAoQQIAAACAEiQAAAAAKEECAAAAgBIkAAAAAChBAgAAAIASJAAAAAAoQQIAAACAEiQAAAAAKEECAAAAgBIkAAAAAChBAgAAAIASJAAAAAAoQQIAAACAEiQAAAAAKEECAAAAgBIkAAAAAChBAgAAAIASJAAAAAAoQQIAAACAEiQAAAAAKEECAAAAgBIkAAAAAChBAgAAAIASJAAAAAAoQQIAAACAEiQAAAAAKEECAAAAgBIkAAAAAChBAgAAAIASJAAAAAAoQQIAAACAEiQAAAAAKEECAAAAgBIkAAAAAChBAgAAAIASJAAAAAAoQQIAAACAEiQAAAAAKEECAAAAgBIkAAAAAChBAgAAAIASJAAAAAAoQQIAAACAEiQAAAAAKEECAAAAgBIkAAAAAChBAgAAAIASJAAAAAAoQQIAAACAEiQAAAAAKEECAAAAgBIkAAAAAChBAgAAAIASJAAAAAAoQQIAAACAEiQAAAAAKEECAAAAgBIkAAAAAChBAgAAAIASJAAAAAAoQQIAAACAEiQAAAAAKEECAAAAgBIkAAAAAChBAgAAAIASJAAAAAAoQQIAAACAEiQAAAAAKEECAAAAgBIkAAAAAChBAgAAAIASJAAAAAAoQQIAAACAEiQAAAAAKEECAAAAgBIkAAAAAChBAgAAAIASJAAAAAAoQQIAAACAEiQAAAAAKEECAAAAgBIkAAAAAChBAgAAAIASJAAAAAAoQQIAAACAEiQAAAAAKEECAAAAgBIkAAAAAChBAgAAAIASJAAAAAAoQQIAAACAEiQAAAAAKEECAAAAgBIkAAAAAChBAgAAAIASJAAAAAAoQQIAAACAEiQAAAAAKEECAAAAgBIkAAAAAChBAgAAAIASJAAAAAAoQQIAAACAEiQAAAAAKEECAAAAgBIkAAAAAChBAgAAAIASJAAAAAAoQQIAAACAEiQAAAAAKEECAAAAgBIkAAAAAChBAgAAAIASJAAAAAAoQQIAAACAEiQAAAAAKEECAAAAgBIkAAAAAChBAgAAAIASJAAAAAAoQQIAAACAEiQAAAAAKEECAAAAgBIkAAAAAChBAgAAAIASJAAAAAAoQQIAAACAEiQAAAAAKEECAAAAgBIkAAAAAChBAgAAAIASJAAAAAAoQQIAAACAEiQAAAAAKEECAAAAgBIkAAAAAChBAgAAAIASJAAAAAAoQQIAAACAEiQAAAAAKEECAAAAgBIkAAAAAChBAgAAAIASJAAAAAAoQQIAAACAEiQAAAAAKEECAAAAgBIkAAAAAChBAgAAAIASJAAAAAAoQQIAAACAEiQAAAAAKEECAAAAgBIkAAAAAChBAgAAAIASJAAAAAAoQQIAAACAEiQAAAAAKEECAAAAgBIkAAAAAChBAgAAAIASJAAAAAAoQQIAAACAEiQAAAAAKEECAAAAgBIkAAAAAChBAgAAAIASJAAAAAAoQQIAAACAEiQAAAAAKEECAAAAgBIkAAAAAChBAgAAAIASJAAAAAAoQQIAAACAEiQAAAAAKEECAAAAgBIkAAAAAChBAgAAAIASJAAAAAAoQQIAAACAEiQAAAAAKEECAAAAgBIkAAAAAChBAgAAAIASJAAAAAAoQQIAAACAEiQAAAAAKEECAAAAgBIkAAAAAChBAgAAAIASJAAAAAAoQQIAAACAEiQAAAAAKEECAAAAgBIkAAAAAChBAgAAAIASJAAAAAAoQQIAAACAEiQAAAAAKEECAAAAgBIkAAAAAChBAgAAAIASJAAAAAAoQQIAAACAEiQAAAAAKEECAAAAgBIkAAAAAChBAgAAAIASJAAAAAAoQQIAAACAEiQAAAAAKEECAAAAgBIkAAAAAChBAgAAAIASJAAAAAAoQQIAAACAEiQAAAAAKEECAAAAgBIkAAAAAChBAgAAAIASJAAAAAAoQQIAAACAEiQAAAAAKEECAAAAgBIkAAAAAChBAgAAAIASJAAAAAAoQQIAAACAEiQAAAAAKEECAAAAgBIkAAAAAChBAgAAAIASJAAAAAAoQQIAAACAEiQAAAAAKEECAAAAgBIkAAAAAChBAgAAAIASJAAAAAAoQQIAAACAEiQAAAAAKEECAAAAgBIkAAAAAChBAgAAAIASJAAAAAAoQQIAAACAEiQAAAAAKEECAAAAgBIkAAAAAChBAgAAAIASJAAAAAAoQQIAAACAEiQAAAAAKEECAAAAgBIkAAAAAChBAgAAAIASJAAAAAAoQQIAAACAEiQAAAAAKEECAAAAgBIkAAAAAChBAgAAAIASJAAAAAAoQQIAAACAEiQAAAAAKEECAAAAgBIkAAAAAChBAgAAAIASJAAAAAAoQQIAAACAEiQAAAAAKEECAAAAgBIkAAAAAChBAgAAAIASJAAAAAAoQQIAAACAEiQAAAAAKEECAAAAgBIkAAAAAChBAgAAAIASJAAAAAAoQQIAAACAEiQAAAAAKEECAAAAgBIkAAAAAChBAgAAAIASJAAAAAAoQQIAAACAEiQAAAAAKEECAAAAgBIkAAAAAChBAgAAAIASJAAAAAAoQQIAAACAEiQAAAAAKEECAAAAgBIkAAAAAChBAgAAAIASJAAAAAAoQQIAAACAEiQAAAAAKEECAAAAgBIkAAAAAChBAgAAAIASJAAAAAAoQQIAAACAEiQAAAAAKEECAAAAgBIkAAAAAChBAgAAAIASJAAAAAAoQQIAAACAEiQAAAAAKEECAAAAgBIkAAAAAChBAgAAAIASJAAAAAAoQQIAAACAEiQAAAAAKEECAAAAgBIkAAAAAChBAgAAAIASJAAAAAAoQQIAAACAEiQAAAAAKEECAAAAgBIkAAAAAChBAgAAAIASJAAAAAAoQQIAAACAEiQAAAAAKEECAAAAgBIkAAAAAChBAgAAAIASJAAAAAAoQQIAAACAEiQAAAAAKEECAAAAgBIkAAAAAChBAgAAAIASJAAAAAAoQQIAAACAEiQAAAAAKEECAAAAgBIkAAAAAChBAgAAAIASJAAAAAAoQQIAAACAEiQAAAAAKEECAAAAgBIkAAAAAChBAgAAAIASJAAAAAAoQQIAAACAEiQAAAAAKEECAAAAgBIkAAAAAChBAgAAAIASJAAAAAAoQQIAAACAEiQAAAAAKEECAAAAgBIkAAAAAChBAgAAAIASJAAAAAAoQQIAAACAEiQAAAAAKEECAAAAgBIkAAAAAChBAgAAAIASJAAAAAAoQQIAAACAEiQAAAAAKEECAAAAgBL+LwAAAP//17te7gAAAAZJREFUAwDqg8YcZXJDbAAAAABJRU5ErkJggg==",
  "captchaDetected": false,
  "submissionValidated": true,
  "debugInfo": {
    "initialUrl": "file:///Users/ivanm/Downloads/form/test_form.html",
    "finalUrl": "file:///Users/ivanm/Downloads/form/test_form.html#",
    "formSelector": "#contact-form",
    "captchaExpected": false,
    "captchaDetected": false,
    "captchaBlocking": false,
    "validation": {
      "validated": true,
      "reason": "URL changed to file:///Users/ivanm/Downloads/form/test_form.html#"
    },
    "classification": {
      "status": "success",
      "reason": "Success indicator found: .success-message"
    },
    "http": {
      "navigation": {
        "url": "file:///Users/ivanm/Downloads/form/test_form.html",
        "status": 200,
        "statusText": "OK",
        "headers": {
          "content-type": "text/html",
          "last-modified": "Sat, 22 Nov 2025 15:15:03 GMT"
        }
      }
    },
    "steps": [
      {
        "timestamp": "2025-11-22T15:15:45.315Z",
        "label": "run.start",
        "detail": {
          "url": "file:///Users/ivanm/Downloads/form/test_form.html",
          "captchaExpected": false
        }
      },
      {
        "timestamp": "2025-11-22T15:15:45.316Z",
        "label": "navigation.request",
        "detail": {
          "url": "file:///Users/ivanm/Downloads/form/test_form.html",
          "timeout": 10000
        }
      },
      {
        "timestamp": "2025-11-22T15:15:46.288Z",
        "label": "navigation.response",
        "detail": {
          "url": "file:///Users/ivanm/Downloads/form/test_form.html",
          "status": 200,
          "statusText": "OK",
          "headers": {
            "content-type": "text/html",
            "last-modified": "Sat, 22 Nov 2025 15:15:03 GMT"
          }
        }
      },
      {
        "timestamp": "2025-11-22T15:15:46.288Z",
        "label": "navigation.complete",
        "detail": {
          "initialUrl": "file:///Users/ivanm/Downloads/form/test_form.html"
        }
      },
      {
        "timestamp": "2025-11-22T15:15:47.300Z",
        "label": "dom.ready",
        "detail": {}
      },
      {
        "timestamp": "2025-11-22T15:15:47.308Z",
        "label": "form.found",
        "detail": {
          "selector": "#contact-form"
        }
      },
      {
        "timestamp": "2025-11-22T15:15:47.308Z",
        "label": "captcha.scan.start",
        "detail": {}
      },
      {
        "timestamp": "2025-11-22T15:15:47.313Z",
        "label": "captcha.scan.result",
        "detail": {
          "detected": false
        }
      },
      {
        "timestamp": "2025-11-22T15:15:47.343Z",
        "label": "form.submitted",
        "detail": {}
      },
      {
        "timestamp": "2025-11-22T15:15:47.872Z",
        "label": "network.idle",
        "detail": {}
      },
      {
        "timestamp": "2025-11-22T15:15:47.882Z",
        "label": "page.load.complete",
        "detail": {}
      },
      {
        "timestamp": "2025-11-22T15:15:50.958Z",
        "label": "validation.check",
        "detail": {
          "validated": true,
          "reason": "URL changed to file:///Users/ivanm/Downloads/form/test_form.html#"
        }
      },
      {
        "timestamp": "2025-11-22T15:15:50.959Z",
        "label": "classification.check",
        "detail": {
          "status": "success",
          "reason": "Success indicator found: .success-message"
        }
      }
    ],
    "timestamp": "2025-11-22T15:15:50.961Z"
  }
}
